// Jest Snapshot v1, https://goo.gl/fbAQLP

exports[`Home should match snapshot 1`] = `
<MainLayout
  title="Home"
>
  <Row
    gutter={
      Array [
        16,
        16,
      ]
    }
  >
    <Col
      span={24}
    >
      <RequestSearchBar
        onOptionsRequest={[Function]}
        onSelect={[Function]}
      />
    </Col>
    <Col
      span={24}
    >
      <Empty />
    </Col>
  </Row>
</MainLayout>
`;
